// Jest Snapshot v1, https://goo.gl/fbAQLP

exports[`<ArticleList> should return articles 1`] = `[Function]`;
