// Jest Snapshot v1, https://goo.gl/fbAQLP

exports[`<BookmarkListItem> renders with the passed props 1`] = `[Function]`;
